grep: md5_checksums.txt: No such file or directory
b5d2b3da31925de467624a46a21a1673
2024_Both01_Both01_O1_gill_S28_R1_001.fastq.gz: Good
48a42dee755a196874a13766e53ca6b7
2024_Both01_Both01_O1_gill_S28_R2_001.fastq.gz: Good
320a4eff44c5196897469b2c2964abff
2024_Both01_Both01_O1_gut_S29_R1_001.fastq.gz: Good
f4bbd99476fa0b88e15bd7ed0653e844
2024_Both01_Both01_O1_gut_S29_R2_001.fastq.gz: Good
b560f5db4546b7e851cb362cf9c07028
2024_Both01_Null_O03_gill_S235_R1_001.fastq.gz: Good
3f9072bba721be4ea98b4053bdd4346c
2024_Both01_Null_O03_gill_S235_R2_001.fastq.gz: Good
2d510de1cd35025b7130ebd66c2efcba
2024_Both01_Null_O03_gut_S70_R1_001.fastq.gz: Good
c43825326cbcc7af7ba169354a881cbd
2024_Both01_Null_O03_gut_S70_R2_001.fastq.gz: Good
8f603bd37b1315bc8a32a5e0f5ba9ec9
2024_Both01_Warm05_O50_gill_S219_R1_001.fastq.gz: Good
30149b2eb06c3a9ebbb4652941f3f8a0
2024_Both01_Warm05_O50_gill_S219_R2_001.fastq.gz: Good
e2580dfada2d72eadf55fc334b8205eb
2024_Both01_Warm05_O50_gut_S150_R1_001.fastq.gz: Good
c23924c92999f679452710c97a22a502
2024_Both01_Warm05_O50_gut_S150_R2_001.fastq.gz: Good
ddd7e920f62b57693a545ac5c83b2e2a
2024_Both02_Both05_O51_gill_S251_R1_001.fastq.gz: Good
62d226ab5ed5e61210785d1c7365c50a
2024_Both02_Both05_O51_gill_S251_R2_001.fastq.gz: Good
472a40ecbc231eb184089b46bbdce970
2024_Both02_Both05_O51_gut_S229_R1_001.fastq.gz: Good
ae871447b11bae1828bcd8cb96714e8f
2024_Both02_Both05_O51_gut_S229_R2_001.fastq.gz: Good
1d9877b357e2824800c6cd91bcf04d74
2024_Both02_Cont04_O40_gill_S247_R1_001.fastq.gz: Good
57624af13c34c4359c3458ea6b069461
2024_Both02_Cont04_O40_gill_S247_R2_001.fastq.gz: Good
5a7c5133f1ae7038b8dfa523acadaf83
2024_Both02_Cont04_O40_gut_S45_R1_001.fastq.gz: Good
93789a7e80c74390104100a981b9ec9b
2024_Both02_Cont04_O40_gut_S45_R2_001.fastq.gz: Good
9b7513e0168c1d17822ea291eb88a28e
2024_Both02_Null_O12_gill_S236_R1_001.fastq.gz: Good
9c7230b7c30d93ea218f3b7f1fe5361e
2024_Both02_Null_O12_gill_S236_R2_001.fastq.gz: Good
de9b2a03d2c94b11a3085acdcdb037bc
2024_Both02_Null_O12_gut_S71_R1_001.fastq.gz: Good
f0fc8f34f8c137322482a0a7aec2e316
2024_Both02_Null_O12_gut_S71_R2_001.fastq.gz: Good
7a3e8edd687d8d08139421bea86017d2
2024_Both03_Both04_O41_gill_S165_R1_001.fastq.gz: Good
f0b1c52799d1f8844f435868a5f47b07
2024_Both03_Both04_O41_gill_S165_R2_001.fastq.gz: Good
18f867af9e072bc006d76060d503fd04
2024_Both03_Both04_O41_gut_S166_R1_001.fastq.gz: Good
7ecfa84ebd3877e65a7ee28cd5d17226
2024_Both03_Both04_O41_gut_S166_R2_001.fastq.gz: Good
a11833f37acbbf306e1f34d2affc11cb
2024_Both03_Cont03_O30_gill_S138_R1_001.fastq.gz: Good
5aee7d6071a04e85cfd0bfa2d3c11c8e
2024_Both03_Cont03_O30_gill_S138_R2_001.fastq.gz: Good
9136d7b36d2bdeffa4859ff0176345ba
2024_Both03_Cont03_O30_gut_S34_R1_001.fastq.gz: Good
58c12b8d1edcc0eb1e2c78d34455a1d6
2024_Both03_Cont03_O30_gut_S34_R2_001.fastq.gz: Good
2bb65654e29595b3e7564ab502dd354b
2024_Both03_Cont06_O66_gill_S230_R1_001.fastq.gz: Good
aa9988ce5d6d8afa6fb582c83272ef90
2024_Both03_Cont06_O66_gill_S230_R2_001.fastq.gz: Good
5ff2bce67a7bfa67cbafa5d3d3d64b80
2024_Both03_Cont06_O66_gut_S54_R1_001.fastq.gz: Good
abe5aa574a59dbb2c77a7fa599a34f60
2024_Both03_Cont06_O66_gut_S54_R2_001.fastq.gz: Good
a978a538aa21bd657fe893c68ca8b27d
2024_Both03_Hyp04_O41_gill_S220_R1_001.fastq.gz: Good
4f6c8b5c7e7e980361e4c084023be7fc
2024_Both03_Hyp04_O41_gill_S220_R2_001.fastq.gz: Good
1bd8cdecd076649ae58e790659876bcc
2024_Both03_Hyp04_O41_gut_S221_R1_001.fastq.gz: Good
999060a814eea276814a747df8178f89
2024_Both03_Hyp04_O41_gut_S221_R2_001.fastq.gz: Good
7b0c38585ad798ac2549c0311d743d15
2024_Both03_Null_O24_gill_S269_R1_001.fastq.gz: Good
a2eb13e62e6fe7367bdc8264311bef9d
2024_Both03_Null_O24_gill_S269_R2_001.fastq.gz: Good
dd0758e1c057877d353035d7be51fc22
2024_Both03_Null_O24_gut_S181_R1_001.fastq.gz: Good
cfe74cb293f45a41cdf6bb69c102f258
2024_Both03_Null_O24_gut_S181_R2_001.fastq.gz: Good
708741e7eb39386a43c45691f880a1d5
2024_Both03_Warm01_O6_gill_S197_R1_001.fastq.gz: Good
a000cc1cf67950d2c6858d06f3aa7f88
2024_Both03_Warm01_O6_gill_S197_R2_001.fastq.gz: Good
74dd44ced11f30c1daa6bd97833555bc
2024_Both03_Warm01_O6_gut_S4_R1_001.fastq.gz: Good
f728a4c932ec7eefd0a46576f91107a8
2024_Both03_Warm01_O6_gut_S4_R2_001.fastq.gz: Good
27f62a7d3754033e13312d9d78950e0a
2024_Both03_Warm04_O41_gill_S198_R1_001.fastq.gz: Good
21a80154d3956603fde854e807ef6ada
2024_Both03_Warm04_O41_gill_S198_R2_001.fastq.gz: Good
c4fabf774c5e6799aa2c5956496398e2
2024_Both03_Warm04_O41_gut_S5_R1_001.fastq.gz: Good
fb7a6afc82ee7a8a8229ee124fd173d8
2024_Both03_Warm04_O41_gut_S5_R2_001.fastq.gz: Good
aa5da90002eb2247c802bae05811adb7
2024_Both04_Both02_O19_gill_S139_R1_001.fastq.gz: Good
158bbfc99316dbfb46d2a50491680e7b
2024_Both04_Both02_O19_gill_S139_R2_001.fastq.gz: Good
93491cd5fdd592c6d85bac1ae39eff50
2024_Both04_Both02_O19_gut_S35_R1_001.fastq.gz: Good
b8d8a4fdf2fda71a194389551d5c92aa
2024_Both04_Both02_O19_gut_S35_R2_001.fastq.gz: Good
eab37857803d8fd8257c79953fde1e86
2024_Both04_Both03_O32_gill_S140_R1_001.fastq.gz: Good
036a3459274b9e1efb6c62bb6f91c0a5
2024_Both04_Both03_O32_gill_S140_R2_001.fastq.gz: Good
db551f940ed59897e59f667930a5c7f5
2024_Both04_Both03_O32_gut_S141_R1_001.fastq.gz: Good
bfab9ebfe3bb32e3ce277629fc909314
2024_Both04_Both03_O32_gut_S141_R2_001.fastq.gz: Good
b230976b1e6c13fd6a0430aea6c0aebd
2024_Both04_Cont05_O56_gill_S245_R1_001.fastq.gz: Good
f1ecbfef756e60bc670211bd80f91768
2024_Both04_Cont05_O56_gill_S245_R2_001.fastq.gz: Good
63920d67da48a9ba2313e9056b822231
2024_Both04_Cont05_O56_gut_S76_R1_001.fastq.gz: Good
45d2d425783af1b4d76008f4849b2316
2024_Both04_Cont05_O56_gut_S76_R2_001.fastq.gz: Good
8acb6d7c799fe8571d7223052532e8ae
2024_Both04_Hyp01_O7_gill_S213_R1_001.fastq.gz: Good
f875ffc03d0eac8fc0947fe18854c8d2
2024_Both04_Hyp01_O7_gill_S213_R2_001.fastq.gz: Good
0f0fcc2b63d94dce418ff1e3ff25477a
2024_Both04_Hyp01_O7_gut_S30_R1_001.fastq.gz: Good
b8eb53a8e838560c327082dc77f05082
2024_Both04_Hyp01_O7_gut_S30_R2_001.fastq.gz: Good
1ea1fd5824e3bfea8cea7a7b5b12918d
2024_Both04_Hyp05_O55_gill_S222_R1_001.fastq.gz: Good
0fb249aebaf8d5d721881d637f2b757c
2024_Both04_Hyp05_O55_gill_S222_R2_001.fastq.gz: Good
3e8009a1a675742ae99f01a3f553b83a
2024_Both04_Hyp05_O55_gut_S223_R1_001.fastq.gz: Good
09a9bb9192620a5d96798fd79cea3592
2024_Both04_Hyp05_O55_gut_S223_R2_001.fastq.gz: Good
0dd1f3b8d8c5f4128e816782db238060
2024_Both04_Null_O32_gill_S237_R1_001.fastq.gz: Good
913888d183201ea3c2b98985f9b6ec79
2024_Both04_Null_O32_gill_S237_R2_001.fastq.gz: Good
880f4e33ed37f797e4ea16df156f276b
2024_Both04_Null_O32_gut_S72_R1_001.fastq.gz: Good
a1e209172d904b1fe6acd841efa362d7
2024_Both04_Null_O32_gut_S72_R2_001.fastq.gz: Good
39cb60fb6d5aa569c1bc58239f502d2f
2024_Both04_Warm02_O19_gill_S199_R1_001.fastq.gz: Good
cf5e404df8681d88aae41503a61b381c
2024_Both04_Warm02_O19_gill_S199_R2_001.fastq.gz: Good
83efd5767520bf46a7c6f272ba373f93
2024_Both04_Warm02_O19_gut_S6_R1_001.fastq.gz: Good
22f22399e7c3926e49ad8f70f29e378b
2024_Both04_Warm02_O19_gut_S6_R2_001.fastq.gz: Good
1b6db6ef586aef57909731deba8542f7
2024_Both04_Warm06_O67_gill_S200_R1_001.fastq.gz: Good
f4bc375489f62cbf80adcd00183043e3
2024_Both04_Warm06_O67_gill_S200_R2_001.fastq.gz: Good
ae2aa2f0662bdfe7c5226f2f82f316ca
2024_Both04_Warm06_O67_gut_S7_R1_001.fastq.gz: Good
6caa4aafe7dd909afa6e3bb1ecc2fbdc
2024_Both04_Warm06_O67_gut_S7_R2_001.fastq.gz: Good
489b56fb65b41cd0f2ef27848ad9b5d5
2024_Both05_Both06_O69_gill_S231_R1_001.fastq.gz: Good
6d896e691ea0980cf0209cd5b80bc8e3
2024_Both05_Both06_O69_gill_S231_R2_001.fastq.gz: Good
8b551cfcdf376c5dea99a61a7efaf5c7
2024_Both05_Both06_O69_gut_S55_R1_001.fastq.gz: Good
01a65739b37e449c654ab9989fa11e09
2024_Both05_Both06_O69_gut_S55_R2_001.fastq.gz: Good
946713940edc8c43c490e88aabc67d89
2024_Both05_Cont01_O9_gill_S142_R1_001.fastq.gz: Good
bf10dee3f912fb2b5294cefa0c74ccde
2024_Both05_Cont01_O9_gill_S142_R2_001.fastq.gz: Good
f3ba018c2e9c08074206ca2317a31d31
2024_Both05_Cont01_O9_gut_S36_R1_001.fastq.gz: Good
4af2232bf89b0b22f14d3104a7e60f76
2024_Both05_Cont01_O9_gut_S36_R2_001.fastq.gz: Good
668956bccbbdb24155db72a6c9f17c9b
2024_Both05_Hyp02_O21_gill_S240_R1_001.fastq.gz: Good
68ec93945cdced8d2db4c3f25e2d3d65
2024_Both05_Hyp02_O21_gill_S240_R2_001.fastq.gz: Good
885c4858794745708812134706d2c35b
2024_Both05_Hyp02_O21_gut_S37_R1_001.fastq.gz: Good
a7ef72f1b203e42ab390504805e4c120
2024_Both05_Hyp02_O21_gut_S37_R2_001.fastq.gz: Good
702bfd29269f76ccf540f3fe3ecb5c97
2024_Both05_Null_O36_gill_S270_R1_001.fastq.gz: Good
895a296af0bf8c0e9d7655e43f57c764
2024_Both05_Null_O36_gill_S270_R2_001.fastq.gz: Good
6e58713d1b46df4be05607f1f5c03bcb
2024_Both05_Null_O36_gut_S73_R1_001.fastq.gz: Good
6c2cfdd673876acb3c75b4bea1fedc73
2024_Both05_Null_O36_gut_S73_R2_001.fastq.gz: Good
111094fcb69e16d86acd8f5b36afa01d
2024_Both05_Warm03_O33_gill_S272_R1_001.fastq.gz: Good
5a7476c641e43f8b0bdc96fdaaf2fd03
2024_Both05_Warm03_O33_gill_S272_R2_001.fastq.gz: Good
8c3824d8621c794856228b9b76f215ca
2024_Both05_Warm03_O33_gut_S1_R1_001.fastq.gz: Good
5e83e3f630619d563a2b33f8a5bf89e2
2024_Both05_Warm03_O33_gut_S1_R2_001.fastq.gz: Good
ad1d15ea616f03e4b8467379d263a6b7
2024_Both06_Cont02_O24_gill_S216_R1_001.fastq.gz: Good
7c485f04f7dbfa8f51d29e9c1f0c2f8a
2024_Both06_Cont02_O24_gill_S216_R2_001.fastq.gz: Good
b7cef98e092e74edbdfb3d764a8861be
2024_Both06_Cont02_O24_gut_S38_R1_001.fastq.gz: Good
803bc1b22ce6257e449e77ffb8bc10ec
2024_Both06_Cont02_O24_gut_S38_R2_001.fastq.gz: Good
6e99cdb757911075fe59d7b02519aafc
2024_Both06_Hyp03_O35_gill_S258_R1_001.fastq.gz: Good
ad50bd9309dfc6ced6c0aba2d7fd3af5
2024_Both06_Hyp03_O35_gill_S258_R2_001.fastq.gz: Good
c3b0e12e1393e5a3a6901c16f455cc27
2024_Both06_Hyp03_O35_gut_S266_R1_001.fastq.gz: Good
13ed6b913a25f591a40e9b4f154f58cc
2024_Both06_Hyp03_O35_gut_S266_R2_001.fastq.gz: Good
589d273ee1ae361882f5cff3d98bd6b8
2024_Both06_Hyp06_O72_gill_S193_R1_001.fastq.gz: Good
56510ff169881afd975922746e91a85a
2024_Both06_Hyp06_O72_gill_S193_R2_001.fastq.gz: Good
d87b42c4ae96d91f31236582dd2e1eb5
2024_Both06_Hyp06_O72_gut_S2_R1_001.fastq.gz: Good
ff841bd0142aa7cff99846d14f8ad629
2024_Both06_Hyp06_O72_gut_S2_R2_001.fastq.gz: Good
7054b7eceb9a06d5ab9277de18ce04ed
2024_Both06_Null_O47_gill_S74_R1_001.fastq.gz: Good
b94b09cddd4e116886624e0f4fd2acb2
2024_Both06_Null_O47_gill_S74_R2_001.fastq.gz: Good
67453e0247429f7476881f9d7efc8269
2024_Both06_Null_O47_gut_S75_R1_001.fastq.gz: Good
4916fda7bc677b68508afd09a49dc5cc
2024_Both06_Null_O47_gut_S75_R2_001.fastq.gz: Good
9fd8f0b9984074dfb45ea6bc3e6277fe
2024_Cont01_Cont04_W37_gill_S151_R1_001.fastq.gz: Good
7337bc984c06b0f056dd51a16cd12adc
2024_Cont01_Cont04_W37_gill_S151_R2_001.fastq.gz: Good
f2a4bdfccda6ecdd35376e3f108114e1
2024_Cont01_Cont04_W37_gut_S224_R1_001.fastq.gz: Good
95757286bbff75bafebd1d19db390189
2024_Cont01_Cont04_W37_gut_S224_R2_001.fastq.gz: Good
968f9531487e30f11f2c03a7bcbfc322
2024_Cont01_Hyp02_W13_gill_S255_R1_001.fastq.gz: Good
8084a41b40f5b59ad5b2439891fae5cd
2024_Cont01_Hyp02_W13_gill_S255_R2_001.fastq.gz: Good
93f314e05ae72e1376e2585736d6192c
2024_Cont01_Hyp02_W13_gut_S60_R1_001.fastq.gz: Good
faee5d0a477f375b6bc3aa4d45da1923
2024_Cont01_Hyp02_W13_gut_S60_R2_001.fastq.gz: Good
5e65c6a0690148574cfc431bc0fa7eac
2024_Cont01_Hyp06_W62_gill_S194_R1_001.fastq.gz: Good
b48e098b4748ca999febf3414dd37d72
2024_Cont01_Hyp06_W62_gill_S194_R2_001.fastq.gz: Good
dbd2add7580abde04eee844d5852cf47
2024_Cont01_Hyp06_W62_gut_S195_R1_001.fastq.gz: Good
979c1f1a05908800d3730330d8ac954d
2024_Cont01_Hyp06_W62_gut_S195_R2_001.fastq.gz: Good
f0ee556176cb3f739553f17063ec454a
2024_Cont01_Null_W01_gill_S191_R1_001.fastq.gz: Good
5b6b05d9179f963489886e836a15f4ab
2024_Cont01_Null_W01_gill_S191_R2_001.fastq.gz: Good
7a9156eeb7e2238eb15ce83b7ac4d9bd
2024_Cont01_Null_W01_gut_S81_R1_001.fastq.gz: Good
11a4df63e1547aadc020d9d79a45a984
2024_Cont01_Null_W01_gut_S81_R2_001.fastq.gz: Good
75542434613117ccb04434356e426aef
2024_Cont01_Null_W05_gill_S264_R1_001.fastq.gz: Good
86c2a40629e075ea4d69f8d3bbcea912
2024_Cont01_Null_W05_gill_S264_R2_001.fastq.gz: Good
9d92ff7cd6eb78d55f0af26c9f831cd8
2024_Cont01_Null_W05_gut_S82_R1_001.fastq.gz: Good
e813825c71d7ce259f151708461d20cb
2024_Cont01_Null_W05_gut_S82_R2_001.fastq.gz: Good
ee8c11c9afe72733776bde57a0e1096f
2024_Cont02_Both02_W16_gill_S246_R1_001.fastq.gz: Good
16e10cdcd4eb2b9f31723600738d3c65
2024_Cont02_Both02_W16_gill_S246_R2_001.fastq.gz: Good
d43296ed15a12a6e0727a13fc74204d8
2024_Cont02_Both02_W16_gut_S39_R1_001.fastq.gz: Good
60c65ae5bb362a124194c3b60ea18b16
2024_Cont02_Both02_W16_gut_S39_R2_001.fastq.gz: Good
9022b623f183d45fe2c67e4a0d7a78a8
2024_Cont02_Cont01_W3_gill_S214_R1_001.fastq.gz: Good
71b03e63ccaac3ad399b162775d9c0d4
2024_Cont02_Cont01_W3_gill_S214_R2_001.fastq.gz: Good
f59bd6ae3fe26e27d978a517943cf5ac
2024_Cont02_Cont01_W3_gut_S31_R1_001.fastq.gz: Good
17b71cfea5944b33799af8f98c1422bb
2024_Cont02_Cont01_W3_gut_S31_R2_001.fastq.gz: Good
c0511ac862ff6dbb3ee6a83892b0c4a4
2024_Cont02_Hyp01_W4_gill_S136_R1_001.fastq.gz: Good
77b4860759dd1ccb86d77b7dd8293704
2024_Cont02_Hyp01_W4_gill_S136_R2_001.fastq.gz: Good
9f572ea557471a1e0ebd7aae303c884c
2024_Cont02_Hyp01_W4_gut_S137_R1_001.fastq.gz: Good
7b9f7a78e2702a463fec4b8a819fded1
2024_Cont02_Hyp01_W4_gut_S137_R2_001.fastq.gz: Good
da4b4b3e1539324b9e598fa0705b07eb
2024_Cont02_Null_W15_gill_S83_R1_001.fastq.gz: Good
847b76cee876b0a9972d604e15e26e76
2024_Cont02_Null_W15_gill_S83_R2_001.fastq.gz: Good
f27cc3329b69f56b7adf6c9c028e4287
2024_Cont02_Null_W15_gut_S84_R1_001.fastq.gz: Good
35e2bc9ebf6b186b4b8b65072a027ae8
2024_Cont02_Null_W15_gut_S84_R2_001.fastq.gz: Good
e350383090cfbe131752ad717cbbf806
2024_Cont02_Warm02_W15_gill_S196_R1_001.fastq.gz: Good
d4ad94433ec79b6bc91feb2ec6dd9c22
2024_Cont02_Warm02_W15_gill_S196_R2_001.fastq.gz: Good
f07879c32f57608574f245581ee98890
2024_Cont02_Warm02_W15_gut_S3_R1_001.fastq.gz: Good
e7ddea0b674c436fbee57579d8efbc48
2024_Cont02_Warm02_W15_gut_S3_R2_001.fastq.gz: Good
f4c36e9a4b1504132565f7c68651bf58
2024_Cont03_Both03_W30_gill_S217_R1_001.fastq.gz: Good
af0ff1642292a67ba9c5c91f21fe3d21
2024_Cont03_Both03_W30_gill_S217_R2_001.fastq.gz: Good
bb2c139cba9695d5799f5f17dcdce915
2024_Cont03_Both03_W30_gut_S40_R1_001.fastq.gz: Good
f7c28ea050f2b7cee9cf1762047a4675
2024_Cont03_Both03_W30_gut_S40_R2_001.fastq.gz: Good
d683c57f4b6f898cfe13c62a14c1fe23
2024_Cont03_Cont02_W17_gill_S218_R1_001.fastq.gz: Good
f8d2e0823b65390efa3268963cac7320
2024_Cont03_Cont02_W17_gill_S218_R2_001.fastq.gz: Good
3698ccef909ba28f21f8383fec75f1de
2024_Cont03_Cont02_W17_gut_S41_R1_001.fastq.gz: Good
0fe61223d0cfd8fa1e5c8a2346da6011
2024_Cont03_Cont02_W17_gut_S41_R2_001.fastq.gz: Good
f0f3e1e8b0668d6721ce43779a0f115d
2024_Cont03_Null_W21_gill_S238_R1_001.fastq.gz: Good
c144d1193209c48905746b116226901e
2024_Cont03_Null_W21_gill_S238_R2_001.fastq.gz: Good
772d5aa8b0cf0b88953c60d25cca633a
2024_Cont03_Null_W21_gut_S85_R1_001.fastq.gz: Good
0507a4d7f5342903f7eaa56b0544e05c
2024_Cont03_Null_W21_gut_S85_R2_001.fastq.gz: Good
882bcbb913e557411bc90c629d1944eb
2024_Cont03_Warm03_W29_gill_S8_R1_001.fastq.gz: Good
c0dd0c6cf95b997d674ab68788f7d651
2024_Cont03_Warm03_W29_gill_S8_R2_001.fastq.gz: Good
3c4371c10f5d0667ef6ce37d0ca88597
2024_Cont03_Warm03_W29_gut_S9_R1_001.fastq.gz: Good
38f0bbc02261d0af72038b36d2722be0
2024_Cont03_Warm03_W29_gut_S9_R2_001.fastq.gz: Good
ba600baf456809c3c593fa5adaa468f5
2024_Cont04_Both01_W7_gill_S143_R1_001.fastq.gz: Good
6038d4a68b99419f8adba38ecefdb78e
2024_Cont04_Both01_W7_gill_S143_R2_001.fastq.gz: Good
c183c7e6e18119efc75474b2fc98e49d
2024_Cont04_Both01_W7_gut_S144_R1_001.fastq.gz: Good
9dc946c8b5c82a11df0336eb7fb1f620
2024_Cont04_Both01_W7_gut_S144_R2_001.fastq.gz: Good
8043f8e03ac12e723b205d1f47161de1
2024_Cont04_Both05_W56_gill_S252_R1_001.fastq.gz: Good
de2cb0fbff36b6f9fae52a7a86bb495a
2024_Cont04_Both05_W56_gill_S252_R2_001.fastq.gz: Good
6883a416b24cc5743f0d2140e1a21222
2024_Cont04_Both05_W56_gut_S167_R1_001.fastq.gz: Good
594d0f7f21b823edd290e1c7acfe0457
2024_Cont04_Both05_W56_gut_S167_R2_001.fastq.gz: Good
964aad4875a4c7726a30163e2585f295
2024_Cont04_Cont06_W67_gill_S232_R1_001.fastq.gz: Good
70e6e1e07a276756f8c435164859fed8
2024_Cont04_Cont06_W67_gill_S232_R2_001.fastq.gz: Good
40aad746e9cd8fc05d96323d03fff4b6
2024_Cont04_Cont06_W67_gut_S168_R1_001.fastq.gz: Good
68177dbc611d95bd389d17a3683a9190
2024_Cont04_Cont06_W67_gut_S168_R2_001.fastq.gz: Good
faf7ac6e802ef4c1b34026b9aa190acb
2024_Cont04_Hyp05_W56_gill_S225_R1_001.fastq.gz: Good
2f2f764092823cb3ab2f0616fce211ba
2024_Cont04_Hyp05_W56_gill_S225_R2_001.fastq.gz: Good
1b23bc979d144e2a9193a7db69c8f375
2024_Cont04_Hyp05_W56_gut_S46_R1_001.fastq.gz: Good
2b01d30e1b97396e434c84ea46589308
2024_Cont04_Hyp05_W56_gut_S46_R2_001.fastq.gz: Good
3a3799be7fd90f16853f9ca585329ffa
2024_Cont04_Null_W29_gill_S265_R1_001.fastq.gz: Good
c1121f5cf9bb76af73900789cbd4f7ea
2024_Cont04_Null_W29_gill_S265_R2_001.fastq.gz: Good
8cb0e429c4176e11e0df2dbc5fd33aa3
2024_Cont04_Null_W29_gut_S77_R1_001.fastq.gz: Good
68cf9a6dfa0c516ae1a20c9317de1dbd
2024_Cont04_Null_W29_gut_S77_R2_001.fastq.gz: Good
6ebc72af312dc9543839a969ba1cc4eb
2024_Cont05_Both04_W46_gill_S226_R1_001.fastq.gz: Good
58171564c3f21b35185d8e745e1bae74
2024_Cont05_Both04_W46_gill_S226_R2_001.fastq.gz: Good
2e8ec84440c99a6916a1a0bf7c3d6ffd
2024_Cont05_Both04_W46_gut_S47_R1_001.fastq.gz: Good
537b7336549f03fba936e027e3e8a079
2024_Cont05_Both04_W46_gut_S47_R2_001.fastq.gz: Good
1c91ce19f58f86d35f09dcd69f4005e1
2024_Cont05_Cont03_W33_gill_S61_R1_001.fastq.gz: Good
3cc5b62b79cc16dc48f3cc1ed60cd948
2024_Cont05_Cont03_W33_gill_S61_R2_001.fastq.gz: Good
ca1d3b1783b00756cad3c35cb81272bc
2024_Cont05_Cont03_W33_gut_S62_R1_001.fastq.gz: Good
54f91acb0653b745e6c607784d5da8df
2024_Cont05_Cont03_W33_gut_S62_R2_001.fastq.gz: Good
665fc24e9abdb400bf27a0cecba26330
2024_Cont05_Warm01_W9_gill_S201_R1_001.fastq.gz: Good
74971a6a269d4fcd95d07c5dd74c8a5d
2024_Cont05_Warm01_W9_gill_S201_R2_001.fastq.gz: Good
9dfda80b1d1d67a8ba25697c82357ca0
2024_Cont05_Warm01_W9_gut_S10_R1_001.fastq.gz: Good
cd5c81d9fef27eae489d14f2d42561e3
2024_Cont05_Warm01_W9_gut_S10_R2_001.fastq.gz: Good
94f4ffe25e7f52e5de0e3f90d1edad6d
2024_Cont05_Warm04_W45_gill_S202_R1_001.fastq.gz: Good
d39b12a5ca5f1b0be45c865e4bb01e44
2024_Cont05_Warm04_W45_gill_S202_R2_001.fastq.gz: Good
959c4ea8922247108c2a2543297aea6a
2024_Cont05_Warm04_W45_gut_S134_R1_001.fastq.gz: Good
079a7e24367739adc52ed1983abdd3cd
2024_Cont05_Warm04_W45_gut_S134_R2_001.fastq.gz: Good
a49a929e5a6436dec396ba9f9234e4fd
2024_Cont06_Both06_W71_gill_S169_R1_001.fastq.gz: Good
8e4c3ee272d141a5d0446048a1516bba
2024_Cont06_Both06_W71_gill_S169_R2_001.fastq.gz: Good
96350ea5bbbe6b5de2276c16d38b4eb5
2024_Cont06_Both06_W71_gut_S170_R1_001.fastq.gz: Good
8a5b48f2819a988761da6af20b11b200
2024_Cont06_Both06_W71_gut_S170_R2_001.fastq.gz: Good
61eb478ade9e252520ba979dab9babb9
2024_Cont06_Cont05_W59_gill_S48_R1_001.fastq.gz: Good
454160b8a3d894ad339899311c03746a
2024_Cont06_Cont05_W59_gill_S48_R2_001.fastq.gz: Good
3cff9d00a557cda5a30742eb011d2bbf
2024_Cont06_Cont05_W59_gut_S49_R1_001.fastq.gz: Good
5a213537eca31324881cccbdfc1d4078
2024_Cont06_Cont05_W59_gut_S49_R2_001.fastq.gz: Good
cf55a603e56b87165d38f96ecdfeb525
2024_Cont06_Hyp03_W36_gill_S63_R1_001.fastq.gz: Good
89c53ec28832fa31bcb28a3fd36269f3
2024_Cont06_Hyp03_W36_gill_S63_R2_001.fastq.gz: Good
c504c6a51133875c335b5888e8595456
2024_Cont06_Hyp03_W36_gut_S64_R1_001.fastq.gz: Good
15460e0cad67ec805587d64c683b5508
2024_Cont06_Hyp03_W36_gut_S64_R2_001.fastq.gz: Good
5872d08e134e185395bbd0ef56ec52f0
2024_Cont06_Hyp04_W48_gill_S227_R1_001.fastq.gz: Good
8262c64679302d909e6da59a260ce2a8
2024_Cont06_Hyp04_W48_gill_S227_R2_001.fastq.gz: Good
f5f055879bad915d69698551de5f47be
2024_Cont06_Hyp04_W48_gut_S152_R1_001.fastq.gz: Good
b15c21a232b5bf3482a11da7c3c96875
2024_Cont06_Hyp04_W48_gut_S152_R2_001.fastq.gz: Good
54f1c854ddfd1ecd5fe95d6c824ce2fd
2024_Cont06_Null_W42_gill_S260_R1_001.fastq.gz: Good
00d193df04cad6148934b0330ce4eb8d
2024_Cont06_Null_W42_gill_S260_R2_001.fastq.gz: Good
dbb3d2b90903117f16843282585b7814
2024_Cont06_Null_W42_gut_S78_R1_001.fastq.gz: Good
683a306d1d0b901332d646a877e525fe
2024_Cont06_Null_W42_gut_S78_R2_001.fastq.gz: Good
115971579603a1c323e48b19faeb6317
2024_Cont06_Warm06_W72_gill_S203_R1_001.fastq.gz: Good
78fd7b31562681a11758a8365d280aba
2024_Cont06_Warm06_W72_gill_S203_R2_001.fastq.gz: Good
fdefce7e0a63f9ec62c4775bdc2e40d7
2024_Cont06_Warm06_W72_gut_S11_R1_001.fastq.gz: Good
e3e1864f10f49fdcbd49ecc853e03b27
2024_Cont06_Warm06_W72_gut_S11_R2_001.fastq.gz: Good
716b04322c666bab1be715d558a84816
2024_ContNA_Warm05_W52_gill_S153_R1_001.fastq.gz: Good
02970afdd59c0ac80018f7a0524ec491
2024_ContNA_Warm05_W52_gill_S153_R2_001.fastq.gz: Good
a816ca6f3b0eb6099bb3b14e4baf9fe4
2024_ContNA_Warm05_W52_gut_S154_R1_001.fastq.gz: Good
1954a41241c14cdf69ce161f6ad00c1c
2024_ContNA_Warm05_W52_gut_S154_R2_001.fastq.gz: Good
4991bc501c2b8be996f8ed5ffa0b0f50
2024_Hyp01_Both02_B13_gill_S32_R1_001.fastq.gz: Good
cc80cfe5a2f64c2d6445be6142d8efd6
2024_Hyp01_Both02_B13_gill_S32_R2_001.fastq.gz: Good
5b0c30618d530193d9cf167c5089cc35
2024_Hyp01_Both02_B13_gut_S276_R1_001.fastq.gz: Good
5e3edf1ee9b0dfb0aa720fc4210094a5
2024_Hyp01_Both02_B13_gut_S276_R2_001.fastq.gz: Good
3f73b469d41d63ddb77145337d31dffe
2024_Hyp01_Both06_B61_gill_S204_R1_001.fastq.gz: Good
9a5d174b16d802489afdc1e80722207f
2024_Hyp01_Both06_B61_gill_S204_R2_001.fastq.gz: Good
e0952b114f6da64b44262ea7651efeb0
2024_Hyp01_Both06_B61_gut_S12_R1_001.fastq.gz: Good
1123db63bcebcc515d58d6dcf8799f3d
2024_Hyp01_Both06_B61_gut_S12_R2_001.fastq.gz: Good
10fa24c9ec04de15a588caac287226d0
2024_Hyp01_Cont06_B62_gill_S171_R1_001.fastq.gz: Good
bff7d92687cf0e8543741df8715f6814
2024_Hyp01_Cont06_B62_gill_S171_R2_001.fastq.gz: Good
45365772b7cdbc079df26d3ca755992f
2024_Hyp01_Cont06_B62_gut_S172_R1_001.fastq.gz: Good
3e5fff731b877e54b325adf6a44b71e0
2024_Hyp01_Cont06_B62_gut_S172_R2_001.fastq.gz: Good
86e31befe170830023fff96a08c5ffe6
2024_Hyp01_Null_B08_gill_S261_R1_001.fastq.gz: Good
e0e7f3e7f6f404bf0b1d9c8991fc51d7
2024_Hyp01_Null_B08_gill_S261_R2_001.fastq.gz: Good
b1427891b08b51453986232f5ca3b38f
2024_Hyp01_Null_B08_gut_S79_R1_001.fastq.gz: Good
b9f93f9d2d914dbd487f7f25c9c58e66
2024_Hyp01_Null_B08_gut_S79_R2_001.fastq.gz: Good
f56f37d696a2a51b643212ee396b14af
2024_Hyp01_Warm04_B38_gill_S205_R1_001.fastq.gz: Good
a2eb1f75d21daff3da3146965e816c8d
2024_Hyp01_Warm04_B38_gill_S205_R2_001.fastq.gz: Good
e93f20d2877d3cf69999d4d130da01e0
2024_Hyp01_Warm04_B38_gut_S13_R1_001.fastq.gz: Good
20b23efd0a376a7962ecc403cd506e81
2024_Hyp01_Warm04_B38_gut_S13_R2_001.fastq.gz: Good
2f7a806a88c05bcbc4079b1ffc7bd59b
2024_Hyp01_Warm05_B49_gill_S206_R1_001.fastq.gz: Good
d75f00501f319de6fc844a767c34c6d1
2024_Hyp01_Warm05_B49_gill_S206_R2_001.fastq.gz: Good
0157d14f25c9678957c6a814d1c1084a
2024_Hyp01_Warm05_B49_gut_S14_R1_001.fastq.gz: Good
d205fe76274cb431a5cef4403fac4bb6
2024_Hyp01_Warm05_B49_gut_S14_R2_001.fastq.gz: Good
f71a6632356676729fda03f1e7540b9f
2024_Hyp02_Both05_B51_gill_S173_R1_001.fastq.gz: Good
10fd4738e0fb89781b6c3b4d5fca8964
2024_Hyp02_Both05_B51_gill_S173_R2_001.fastq.gz: Good
3c19d8220c169bcd8d27ef1062514331
2024_Hyp02_Both05_B51_gut_S174_R1_001.fastq.gz: Good
c2b5cb9fd9118958b98a7a06c0b3defd
2024_Hyp02_Both05_B51_gut_S174_R2_001.fastq.gz: Good
54db28bad1731ddfc881bd33547ebfd9
2024_Hyp02_Cont01_B4_gill_S215_R1_001.fastq.gz: Good
62de3623fd9c4e2b13809b2a0f5020f6
2024_Hyp02_Cont01_B4_gill_S215_R2_001.fastq.gz: Good
efb69a0d6c60173aa3f747003201c646
2024_Hyp02_Cont01_B4_gut_S33_R1_001.fastq.gz: Good
66f512ec246516280602eb333f5026c1
2024_Hyp02_Cont01_B4_gut_S33_R2_001.fastq.gz: Good
466a9eebad45f8acfb71cbc08fd08a74
2024_Hyp02_Hyp01_B3_gill_S145_R1_001.fastq.gz: Good
c1018ebfed89c81569133e9724cc2899
2024_Hyp02_Hyp01_B3_gill_S145_R2_001.fastq.gz: Good
bf676ba5ebad6bf0afbb0d4e57b5c1b1
2024_Hyp02_Hyp01_B3_gut_S277_R1_001.fastq.gz: Good
aae0f86d1f2e830f6b1e8e58858ca3e9
2024_Hyp02_Hyp01_B3_gut_S277_R2_001.fastq.gz: Good
2476e20c5040df6c199b3983315a5991
2024_Hyp02_Hyp05_B51_gill_S155_R1_001.fastq.gz: Good
3c94670492929e4e0e715352989aa6c9
2024_Hyp02_Hyp05_B51_gill_S155_R2_001.fastq.gz: Good
3bc0d50fa996340a83f0b1cd396d9a43
2024_Hyp02_Hyp05_B51_gut_S273_R1_001.fastq.gz: Good
dd2ac905a4942a5c384ff7f162316214
2024_Hyp02_Hyp05_B51_gut_S273_R2_001.fastq.gz: Good
9071abb65314a8d4916d944bd2f4ac8b
2024_Hyp02_Null_B14_gill_S268_R1_001.fastq.gz: Good
484bbc02c64ff2d06026f50be9fe7689
2024_Hyp02_Null_B14_gill_S268_R2_001.fastq.gz: Good
d6c623aebdac76d26408e99ff1c5eea2
2024_Hyp02_Null_B14_gut_S80_R1_001.fastq.gz: Good
6764a98ef512fff45bf9e0133b508c8f
2024_Hyp02_Null_B14_gut_S80_R2_001.fastq.gz: Good
1923f4881a401fa2c5b93ee8ea88b21c
2024_Hyp02_Warm02_B16_gill_S209_R1_001.fastq.gz: Good
133f461e14a9509becb711d6e8594f3a
2024_Hyp02_Warm02_B16_gill_S209_R2_001.fastq.gz: Good
ad0762b323335884e33062b64948cf53
2024_Hyp02_Warm02_B16_gut_S22_R1_001.fastq.gz: Good
20db2e0a4330478d521579d4ff9afa07
2024_Hyp02_Warm02_B16_gut_S22_R2_001.fastq.gz: Good
1fdef8cbdb9766859ee6dcda645189fb
2024_Hyp03_Both04_B41_gill_S248_R1_001.fastq.gz: Good
8ba85dfc1892ee496695d5b4c39b1985
2024_Hyp03_Both04_B41_gill_S248_R2_001.fastq.gz: Good
0bbee72f7aa4cf529f543dd11e05bb65
2024_Hyp03_Both04_B41_gut_S50_R1_001.fastq.gz: Good
ec447e8b056f928be5ba677cb80aac51
2024_Hyp03_Both04_B41_gut_S50_R2_001.fastq.gz: Good
eceb9635a20c6d6e60ac9a38e2131e70
2024_Hyp03_Cont05_B54_gill_S274_R1_001.fastq.gz: Good
7bf3b47b48fea9b063d26293b4c45137
2024_Hyp03_Cont05_B54_gill_S274_R2_001.fastq.gz: Good
dfe8ad11edee1f0a14bf1250a795579b
2024_Hyp03_Cont05_B54_gut_S96_R1_001.fastq.gz: Good
110f3637037a86e8fc1230263d134f05
2024_Hyp03_Cont05_B54_gut_S96_R2_001.fastq.gz: Good
ac50c5da19f1f3a5ab125ec55f2560ec
2024_Hyp03_Hyp04_B41_gill_S156_R1_001.fastq.gz: Good
3177a0283dc102022a2203af3da2e4a4
2024_Hyp03_Hyp04_B41_gill_S156_R2_001.fastq.gz: Good
eaa103326316253528b97912775c22ac
2024_Hyp03_Hyp04_B41_gut_S157_R1_001.fastq.gz: Good
5370375a0b636e48adfc5c6d800e30b0
2024_Hyp03_Hyp04_B41_gut_S157_R2_001.fastq.gz: Good
c28637db3c29e2b0e716b6790a9c0a7b
2024_Hyp03_Hyp06_B66_gill_S253_R1_001.fastq.gz: Good
47dbf11c1ac6d4b2cf8fc68244e05d2e
2024_Hyp03_Hyp06_B66_gill_S253_R2_001.fastq.gz: Good
b97f38cafff10ba6a5d67727f391e5fb
2024_Hyp03_Hyp06_B66_gut_S56_R1_001.fastq.gz: Good
719409f63cd3f692103d7f8444f9b35a
2024_Hyp03_Hyp06_B66_gut_S56_R2_001.fastq.gz: Good
d878aafd65eb367063f5e8aac527a629
2024_Hyp03_Null_B18_gill_S182_R1_001.fastq.gz: Good
24a1d63d5d189e9ad5ddf7db39b0bbde
2024_Hyp03_Null_B18_gill_S182_R2_001.fastq.gz: Good
24d2803e743b5c49ec58ac3b7fb69563
2024_Hyp03_Null_B18_gut_S86_R1_001.fastq.gz: Good
1f61bf41e90a90333691b0b44e85e833
2024_Hyp03_Null_B18_gut_S86_R2_001.fastq.gz: Good
e62939732c211b59e83f5b2e4a91a200
2024_Hyp03_Warm03_B30_gill_S210_R1_001.fastq.gz: Good
4ff6a7354511febcb5ec4d921b90d994
2024_Hyp03_Warm03_B30_gill_S210_R2_001.fastq.gz: Good
81bde0dcf65ca76e521f3f391cf10020
2024_Hyp03_Warm03_B30_gut_S135_R1_001.fastq.gz: Good
7c2da1323569ae24867cade487ee3af7
2024_Hyp03_Warm03_B30_gut_S135_R2_001.fastq.gz: Good
3aebbbba222bf13a23a418aa3b2164bf
2024_Hyp03_Warm06_B66_gill_S207_R1_001.fastq.gz: Good
cd7066dd808ccedfa065881916dd0ea1
2024_Hyp03_Warm06_B66_gill_S207_R2_001.fastq.gz: Good
0e52ec74098d2677f31444b93b590043
2024_Hyp03_Warm06_B66_gut_S15_R1_001.fastq.gz: Good
9784aea065e1606171af4da69d3ce0c8
2024_Hyp03_Warm06_B66_gut_S15_R2_001.fastq.gz: Good
b7d3e7648130b67c985c8321005b3c49
2024_Hyp04_Hyp02_B19_gill_S186_R1_001.fastq.gz: Good
9ab92b2accc34a18c0cbba579d40a0a4
2024_Hyp04_Hyp02_B19_gill_S186_R2_001.fastq.gz: Good
b956130575ecbed5583f4bb259a75629
2024_Hyp04_Hyp02_B19_gut_S16_R1_001.fastq.gz: Good
6cb6ae1e25b7b109f0c65c6fd7c52ccf
2024_Hyp04_Hyp02_B19_gut_S16_R2_001.fastq.gz: Good
235f9f1b0e08434d18c9edf3405cf041
2024_Hyp04_Null_B28_gill_S256_R1_001.fastq.gz: Good
c2729967b239aa48dd3902922729808c
2024_Hyp04_Null_B28_gill_S256_R2_001.fastq.gz: Good
6db33e1742aadc89b9a4c926aadfd0de
2024_Hyp04_Null_B28_gut_S87_R1_001.fastq.gz: Good
bf1d3318ed44f75023a1db5c15822931
2024_Hyp04_Null_B28_gut_S87_R2_001.fastq.gz: Good
db8d28232685ce474ce419b8951b67e0
2024_Hyp04_Warm01_B7_gill_S17_R1_001.fastq.gz: Good
20531f7f3a3469c5c9dfc6439d10921d
2024_Hyp04_Warm01_B7_gill_S17_R2_001.fastq.gz: Good
ee4593e886c920f175f3712573118a2e
2024_Hyp04_Warm01_B7_gut_S18_R1_001.fastq.gz: Good
a9bfeeaff8d13bb3d7b2213c5d796476
2024_Hyp04_Warm01_B7_gut_S18_R2_001.fastq.gz: Good
aff9a032a397ffd1e87626eca374f6b9
2024_Hyp05_Both01_B9_gill_S19_R1_001.fastq.gz: Good
e215978712993e0eff558b2ccb65561d
2024_Hyp05_Both01_B9_gill_S19_R2_001.fastq.gz: Good
39b57d76ccf2c75d00da1d6c994a7765
2024_Hyp05_Both01_B9_gut_S20_R1_001.fastq.gz: Good
eb2134bb4b9bafc45c875bf8d1a05a26
2024_Hyp05_Both01_B9_gut_S20_R2_001.fastq.gz: Good
146a866e45c75011bfa44cb08b419207
2024_Hyp05_Both03_B34_gill_S241_R1_001.fastq.gz: Good
40409cd75c559edf504831f0214d4338
2024_Hyp05_Both03_B34_gill_S241_R2_001.fastq.gz: Good
1701b7a3e3d0b22b5910e5d5de6c5fef
2024_Hyp05_Both03_B34_gut_S242_R1_001.fastq.gz: Good
68f5179945395743493de24ff5678e1e
2024_Hyp05_Both03_B34_gut_S242_R2_001.fastq.gz: Good
f3ac8e35dd5f9a755c4f8dd5be86f250
2024_Hyp05_Cont02_B22_gill_S243_R1_001.fastq.gz: Good
11dfcf34ffbee832a2cad745ae9f72be
2024_Hyp05_Cont02_B22_gill_S243_R2_001.fastq.gz: Good
2526ec52c6e974cd4750fb641e6fb3cd
2024_Hyp05_Cont02_B22_gut_S187_R1_001.fastq.gz: Good
7f87c1a9d363c228969dea0ab2e23dbb
2024_Hyp05_Cont02_B22_gut_S187_R2_001.fastq.gz: Good
e90aa9825e46cab66deaa6f5b8befeb5
2024_Hyp05_Cont04_B46_gill_S275_R1_001.fastq.gz: Good
95dd312700be2b31d70f2fd18ed7a9f3
2024_Hyp05_Cont04_B46_gill_S275_R2_001.fastq.gz: Good
047dc220f5320ef4023569a8ff1ff9ec
2024_Hyp05_Cont04_B46_gut_S158_R1_001.fastq.gz: Good
9ad241245f27ac62bfaca91cb4589234
2024_Hyp05_Cont04_B46_gut_S158_R2_001.fastq.gz: Good
38fae829df1b0788e8fd880ecd1bf847
2024_Hyp05_Null_B35_gill_S262_R1_001.fastq.gz: Good
7f43c0a3c49b579e37ddae24f678535e
2024_Hyp05_Null_B35_gill_S262_R2_001.fastq.gz: Good
4fe508945d3e9eb000725a34fd3a66b4
2024_Hyp05_Null_B35_gut_S88_R1_001.fastq.gz: Good
0178d83acbd365be707d65ffe796229c
2024_Hyp05_Null_B35_gut_S88_R2_001.fastq.gz: Good
9ed86d015b3317baf06b3b656308c745
2024_Hyp06_Cont03_B36_gill_S159_R1_001.fastq.gz: Good
164b99596a91bb16fd847fe5f6879ec7
2024_Hyp06_Cont03_B36_gill_S159_R2_001.fastq.gz: Good
195e7119320fe0b32a11a0c3dd19dc72
2024_Hyp06_Cont03_B36_gut_S51_R1_001.fastq.gz: Good
0c1badc2e349cee94dd7e4608e0e08ef
2024_Hyp06_Cont03_B36_gut_S51_R2_001.fastq.gz: Good
4db6843520e9985cf4c347dfe10dd65d
2024_Hyp06_Hyp03_B35_gill_S259_R1_001.fastq.gz: Good
83cab74236d83b3bc4f1d0bac8a1dc3a
2024_Hyp06_Hyp03_B35_gill_S259_R2_001.fastq.gz: Good
7e8bc6b26a6fede50bb31b14f6482374
2024_Hyp06_Hyp03_B35_gut_S65_R1_001.fastq.gz: Good
2673794abead0d3bb1d532785ac60cd9
2024_Hyp06_Hyp03_B35_gut_S65_R2_001.fastq.gz: Good
91b3aae6cb401941417502c3a6b2a254
2024_Hyp06_Null_B45_gill_S89_R1_001.fastq.gz: Good
f95825b599ae90052ea17012281287ae
2024_Hyp06_Null_B45_gill_S89_R2_001.fastq.gz: Good
ced7f83842b03ecfa8dd5e30b634065e
2024_Hyp06_Null_B45_gut_S183_R1_001.fastq.gz: Good
f4096b4d8809f336ef0f2cf746abd7d2
2024_Hyp06_Null_B45_gut_S183_R2_001.fastq.gz: Good
3b3a8c320b111306ee89689ce4a43b51
2024_phase1_both01_hyp_filter_S107_R1_001.fastq.gz: Good
50d642be95394c5fc7a8f4f07a84edf6
2024_phase1_both01_hyp_filter_S107_R2_001.fastq.gz: Good
8953f139737c2ce57b0b28e4178dc064
2024_phase1_both03_hyp_filter_S108_R1_001.fastq.gz: Good
436db569554c6e92d63e7dbea7f176dc
2024_phase1_both03_hyp_filter_S108_R2_001.fastq.gz: Good
9671f4df9e81bab712648ffef7cd5add
2024_phase1_both06_hyp_filter_S109_R1_001.fastq.gz: Good
225e5843e45c09ec55f4fba89589a168
2024_phase1_both06_hyp_filter_S109_R2_001.fastq.gz: Good
ae288bb80d74b7951a6651635198bf96
2024_phase1_Cont01_hyp_filter_S98_R1_001.fastq.gz: Good
07988aed942a0875dc2af76c977fd41b
2024_phase1_Cont01_hyp_filter_S98_R2_001.fastq.gz: Good
8b9f12d677454968ea65c25421276e11
2024_phase1_cont03_hyp_filter_S99_R1_001.fastq.gz: Good
64f401834767f9ad71a1f506be3c9c17
2024_phase1_cont03_hyp_filter_S99_R2_001.fastq.gz: Good
b1333717c552236323fa51a32822f00d
2024_phase1_cont06_hyp_filter_S100_R1_001.fastq.gz: Good
02e522d29f8744993d800eed9426ba39
2024_phase1_cont06_hyp_filter_S100_R2_001.fastq.gz: Good
5960cb77199daebc036c6ac879e0e91b
2024_phase1_hyp01_hyp_filter_S104_R1_001.fastq.gz: Good
8ebae6120c09ea69312c1c5a1da07378
2024_phase1_hyp01_hyp_filter_S104_R2_001.fastq.gz: Good
de8f4ca187300265a072ffe4c478c890
2024_phase1_hyp03_hyp_filter_S105_R1_001.fastq.gz: Good
584d27f8edf3d8fbce23ff68c7f74bbb
2024_phase1_hyp03_hyp_filter_S105_R2_001.fastq.gz: Good
9038686b2f565f43ec534bb491e0c1f9
2024_phase1_hyp06_hyp_filter_S106_R1_001.fastq.gz: Good
7c68432ab41354003335c9d35ca9615d
2024_phase1_hyp06_hyp_filter_S106_R2_001.fastq.gz: Good
d2d416e489a70dd51470978090b69110
2024_phase1_warm01_hyp_filter_S101_R1_001.fastq.gz: Good
d42cd9f99154027d788ec4a92f07b07b
2024_phase1_warm01_hyp_filter_S101_R2_001.fastq.gz: Good
63680225da99c71cc5103db8e3c90556
2024_phase1_warm03_hyp_filter_S102_R1_001.fastq.gz: Good
b8758095d43690fd2669e1282fad2e0c
2024_phase1_warm03_hyp_filter_S102_R2_001.fastq.gz: Good
1761135cc17475fec7f4f19ad0d23693
2024_phase1_warm06_hyp_filter_S103_R1_001.fastq.gz: Good
06ff2af30f6623822d8fec490e88b3c7
2024_phase1_warm06_hyp_filter_S103_R2_001.fastq.gz: Good
b8400e626b4de7ed224c4b189d808b24
2024_phase2_Both01_Hyp_filter_S119_R1_001.fastq.gz: Good
21baf7b14c24781999b23c6b597da342
2024_phase2_Both01_Hyp_filter_S119_R2_001.fastq.gz: Good
ecb54054aeecd14876fe9052279cacc6
2024_phase2_Both01_Norm_filter_S131_R1_001.fastq.gz: Good
a19e14a39eecec9da4a0d546f850cf4e
2024_phase2_Both01_Norm_filter_S131_R2_001.fastq.gz: Good
d9a5af2715c94a6a82a2d11fed20ab0a
2024_phase2_Both03_Hyp_filter_S120_R1_001.fastq.gz: Good
f6cf7f23e5b00a24ac6986e2d5e15aed
2024_phase2_Both03_Hyp_filter_S120_R2_001.fastq.gz: Good
cb83261eedfeb7dc1640485a64eed3d0
2024_phase2_Both03_Norm_filter_S132_R1_001.fastq.gz: Good
c40ade785db27271080f74408a224983
2024_phase2_Both03_Norm_filter_S132_R2_001.fastq.gz: Good
01fc04f32230687345b43c56d26a98cd
2024_phase2_Both06_Hyp_filter_S121_R1_001.fastq.gz: Good
edacbabbd2a8ae3dd72e9bbbb02b175a
2024_phase2_Both06_Hyp_filter_S121_R2_001.fastq.gz: Good
70ea288a73786e45a64236ca86a77b7e
2024_phase2_Both06_Norm_filter_S133_R1_001.fastq.gz: Good
23f6e4a7ee0d540870f0aceabe845fc9
2024_phase2_Both06_Norm_filter_S133_R2_001.fastq.gz: Good
feddfbb1070f61d83f277230431d9f46
2024_phase2_Cont01_Hyp_filter_S110_R1_001.fastq.gz: Good
025652bff5212cd0b011a1ba2468587b
2024_phase2_Cont01_Hyp_filter_S110_R2_001.fastq.gz: Good
9c817328bcda1078282e58873d348693
2024_phase2_Cont01_Norm_filter_S122_R1_001.fastq.gz: Good
d8d0da78a8736386069dc2733b669774
2024_phase2_Cont01_Norm_filter_S122_R2_001.fastq.gz: Good
598e2ec69ab00d135618bff4cad3848e
2024_phase2_Cont03_Hyp_filter_S111_R1_001.fastq.gz: Good
c237879ef0bd57f6d1235e056253b212
2024_phase2_Cont03_Hyp_filter_S111_R2_001.fastq.gz: Good
952a077b07f26acc5e7b1c6e058eda54
2024_phase2_Cont03_Norm_filter_S123_R1_001.fastq.gz: Good
0fc92cccd4dc6c5bd955bd2975847160
2024_phase2_Cont03_Norm_filter_S123_R2_001.fastq.gz: Good
9df3aa64af4b4e4c16153efc7df872fb
2024_phase2_Cont06_Hyp_filter_S112_R1_001.fastq.gz: Good
bb97884613b51972eede08bbd180d80f
2024_phase2_Cont06_Hyp_filter_S112_R2_001.fastq.gz: Good
a78d226dc40c7857fb50c98a8d51ab28
2024_phase2_Cont06_Norm_filter_S124_R1_001.fastq.gz: Good
ab6d5a500d714d64c3e480cd8639ccae
2024_phase2_Cont06_Norm_filter_S124_R2_001.fastq.gz: Good
31780f2acd9c58aa41ebadda871c899c
2024_phase2_Hyp01_Hyp_filter_S116_R1_001.fastq.gz: Good
4f58269c06aa90b4b9dd257d625af14a
2024_phase2_Hyp01_Hyp_filter_S116_R2_001.fastq.gz: Good
e08ad9a1e280c7aadcfadddc232b34c1
2024_phase2_Hyp01_Norm_filter_S128_R1_001.fastq.gz: Good
12e71f07584def053f1dbdda7b0d7707
2024_phase2_Hyp01_Norm_filter_S128_R2_001.fastq.gz: Good
94a4d8be9a4754970ea9dc6b11998428
2024_phase2_Hyp03_Hyp_filter_S117_R1_001.fastq.gz: Good
b217cedcb1207f4b7cd34552459fc0f2
2024_phase2_Hyp03_Hyp_filter_S117_R2_001.fastq.gz: Good
d4c14550b245c030fbd931f54b956208
2024_phase2_Hyp03_Norm_filter_S129_R1_001.fastq.gz: Good
e1e57c00cb95ca943d0a2477d505db45
2024_phase2_Hyp03_Norm_filter_S129_R2_001.fastq.gz: Good
f5cd455fa2919fcba54efa1274994585
2024_phase2_Hyp06_Hyp_filter_S118_R1_001.fastq.gz: Good
abe125b106f16613acf4004445984c0c
2024_phase2_Hyp06_Hyp_filter_S118_R2_001.fastq.gz: Good
327ffda85431e7d7d4fe210235585ac3
2024_phase2_Hyp06_Norm_filter_S130_R1_001.fastq.gz: Good
0e3f8068ec84abc631138e541cdc3037
2024_phase2_Hyp06_Norm_filter_S130_R2_001.fastq.gz: Good
360f40a8ebf12773f6cbad5d07a7f1d7
2024_phase2_Warm01_Hyp_filter_S113_R1_001.fastq.gz: Good
5ac6e9dcf8a084680bf7145420c03376
2024_phase2_Warm01_Hyp_filter_S113_R2_001.fastq.gz: Good
2161d74a913451d19a5890001f502040
2024_phase2_Warm01_Norm_filter_S125_R1_001.fastq.gz: Good
e0e2cfdcca534d8f91aa2914571c36cd
2024_phase2_Warm01_Norm_filter_S125_R2_001.fastq.gz: Good
4dc8d580b5d29905995345e04d74881a
2024_phase2_Warm03_Hyp_filter_S114_R1_001.fastq.gz: Good
b4259aea8c6ef710848d7b8d2466119a
2024_phase2_Warm03_Hyp_filter_S114_R2_001.fastq.gz: Good
898433b1db68dbc6e3176c5c08982705
2024_phase2_Warm03_Norm_filter_S126_R1_001.fastq.gz: Good
fe41b61fcafc4125b0aaa2b626f0bd37
2024_phase2_Warm03_Norm_filter_S126_R2_001.fastq.gz: Good
36e276d165d23b441a1a28f0cf5e685c
2024_phase2_Warm06_Hyp_filter_S115_R1_001.fastq.gz: Good
b88f2c0f12e4d19a12102a65d5b3b98d
2024_phase2_Warm06_Hyp_filter_S115_R2_001.fastq.gz: Good
c12f84d757ae72185e69b7fee3333e15
2024_phase2_Warm06_Norm_filter_S127_R1_001.fastq.gz: Good
b3ac50ab0cad197be61f2a11921ad174
2024_phase2_Warm06_Norm_filter_S127_R2_001.fastq.gz: Good
601a38ee866f9fa8ae11ac77631efe49
2024_Warm01_Cont01_G2_gill_S188_R1_001.fastq.gz: Good
be154cb39c920024d0fa47d9811a11d9
2024_Warm01_Cont01_G2_gill_S188_R2_001.fastq.gz: Good
232fa02cca9fecbc89fb16b8329b2326
2024_Warm01_Cont01_G2_gut_S42_R1_001.fastq.gz: Good
5c240bb9971bafd7a1b3c5c8d8ebb4d7
2024_Warm01_Cont01_G2_gut_S42_R2_001.fastq.gz: Good
91f5a9f64a754ad1cf9eaa57ed8b02ed
2024_Warm01_Cont06_G61_gill_S175_R1_001.fastq.gz: Good
0d3ab637d13cb782d9790d5a1c753a23
2024_Warm01_Cont06_G61_gill_S175_R2_001.fastq.gz: Good
607def4518a8a05e7f9c7372fc36a2ed
2024_Warm01_Cont06_G61_gut_S57_R1_001.fastq.gz: Good
68e69344d5ae914590b579f3b1f421a5
2024_Warm01_Cont06_G61_gut_S57_R2_001.fastq.gz: Good
3af5c73b4417ced4ed87c6ed25dba094
2024_Warm01_Hyp05_G49_gill_S233_R1_001.fastq.gz: Good
917e0255989229454bc4ece8e2cd4a87
2024_Warm01_Hyp05_G49_gill_S233_R2_001.fastq.gz: Good
43e03ac7b05d6a646aa6cdff8eab2ae5
2024_Warm01_Hyp05_G49_gut_S66_R1_001.fastq.gz: Good
4414efad3ba2a9c64b73b06a68a440b9
2024_Warm01_Hyp05_G49_gut_S66_R2_001.fastq.gz: Good
5777fe23650d99d4f49c8a5efe685265
2024_Warm01_Null_G02_gill_S239_R1_001.fastq.gz: Good
5422809f8fb7a6bebb8ef1c498d154cb
2024_Warm01_Null_G02_gill_S239_R2_001.fastq.gz: Good
580045a62e670e596104852e9948a184
2024_Warm01_Null_G02_gut_S184_R1_001.fastq.gz: Good
a6eca6a2294199269581df65bd8fa26b
2024_Warm01_Null_G02_gut_S184_R2_001.fastq.gz: Good
976a2b45c473f843b4ef8796f1d09099
2024_Warm01_Warm01_G1_gill_S211_R1_001.fastq.gz: Good
14e926e222307b6709c6485375185c04
2024_Warm01_Warm01_G1_gill_S211_R2_001.fastq.gz: Good
30b8b1f6e3f83fa46bcff1cfbc385632
2024_Warm01_Warm01_G1_gut_S23_R1_001.fastq.gz: Good
da60b073b782d5a8008af87beac2c28a
2024_Warm01_Warm01_G1_gut_S23_R2_001.fastq.gz: Good
438796b572e9458069e06a2c5377d714
2024_Warm01_Warm06_G62_gill_S176_R1_001.fastq.gz: Good
7ea6fbe9380b753fb9825af3fafcec1a
2024_Warm01_Warm06_G62_gill_S176_R2_001.fastq.gz: Good
d0370b58362cfca7b6e8f604b42a62d7
2024_Warm01_Warm06_G62_gut_S58_R1_001.fastq.gz: Good
fa2a25d4789b4cc75bd91c7dc7f4a587
2024_Warm01_Warm06_G62_gut_S58_R2_001.fastq.gz: Good
ceef4e3bb047dc86dd61ea764cd19b89
2024_Warm02_Both01_G4_gill_S146_R1_001.fastq.gz: Good
44a1f6d0a84a4ab3b8a44bb1bb3d45a9
2024_Warm02_Both01_G4_gill_S146_R2_001.fastq.gz: Good
3909be7a56a0db6882af9a81f3ad59cb
2024_Warm02_Both01_G4_gut_S147_R1_001.fastq.gz: Good
7753a07f11564b3141b56cf10c58e994
2024_Warm02_Both01_G4_gut_S147_R2_001.fastq.gz: Good
ad5b9fad63f78878cccb58614a4af14c
2024_Warm02_Both02_G15_gill_S148_R1_001.fastq.gz: Good
f0e5aa8a05bf878fa7c688b35c6f6ace
2024_Warm02_Both02_G15_gill_S148_R2_001.fastq.gz: Good
47ada972fa8542b447bf0ebeac0d4bd8
2024_Warm02_Both02_G15_gut_S43_R1_001.fastq.gz: Good
2ce56dbf6c3fb758848e21d7404d1a21
2024_Warm02_Both02_G15_gut_S43_R2_001.fastq.gz: Good
cbdd8545c04d831d13361df8e04f8660
2024_Warm02_Both06_G64_gill_S177_R1_001.fastq.gz: Good
d63da3e826c60ac206e5e8eaf2b6e96d
2024_Warm02_Both06_G64_gill_S177_R2_001.fastq.gz: Good
6004d15c90f47d7c51ad1bc8920cd64e
2024_Warm02_Both06_G64_gut_S178_R1_001.fastq.gz: Good
2918d6e28a5d4807fb732ec6c31c1c5c
2024_Warm02_Both06_G64_gut_S178_R2_001.fastq.gz: Good
ce9c68005a89674c0d0c12e70abd5a88
2024_Warm02_Null_G15_gill_S263_R1_001.fastq.gz: Good
1d4290cb39f00f8602284d6adb33ec52
2024_Warm02_Null_G15_gill_S263_R2_001.fastq.gz: Good
896f29d6a6ee44f6b622c67786bc64b7
2024_Warm02_Null_G15_gut_S185_R1_001.fastq.gz: Good
6c3ef60c54c13484e7bd826173ba29ee
2024_Warm02_Null_G15_gut_S185_R2_001.fastq.gz: Good
b193bf790a8748bd63d6b7fdb8615720
2024_Warm03_Both05_G54_gill_S179_R1_001.fastq.gz: Good
7cc250c9f25b7ea3c65163c45ddea165
2024_Warm03_Both05_G54_gill_S179_R2_001.fastq.gz: Good
45213d18a0a2e433f0229e75f8a6edc8
2024_Warm03_Both05_G54_gut_S59_R1_001.fastq.gz: Good
13b09f426f54b3e3440e4005630296cc
2024_Warm03_Both05_G54_gut_S59_R2_001.fastq.gz: Good
bcdb91a08a60782d3d71b755b069b841
2024_Warm03_Cont03_G29_gill_S160_R1_001.fastq.gz: Good
b995992214f92f3c141760f24a773aec
2024_Warm03_Cont03_G29_gill_S160_R2_001.fastq.gz: Good
cb1d8992aab7df3b543eea0a4b08f660
2024_Warm03_Cont03_G29_gut_S52_R1_001.fastq.gz: Good
32b842f2084aa46ec682e73eb2926c40
2024_Warm03_Cont03_G29_gut_S52_R2_001.fastq.gz: Good
617d1ea0cd6a8f304632ce19d86e6512
2024_Warm03_Hyp02_G18_gill_S228_R1_001.fastq.gz: Good
f55c0cf09f9a9fc8ab39fdd0ad67a032
2024_Warm03_Hyp02_G18_gill_S228_R2_001.fastq.gz: Good
476e6a1dead49c8e1a2d18d1710fcaae
2024_Warm03_Hyp02_G18_gut_S249_R1_001.fastq.gz: Good
1226bf3d4983c7672bf1a85ba7823120
2024_Warm03_Hyp02_G18_gut_S249_R2_001.fastq.gz: Good
c0a64476c43f8d9cd7716186e815ab75
2024_Warm03_Hyp03_G30_gill_S67_R1_001.fastq.gz: Good
7204084adda31bf78f4a4bd2b8ea8b0c
2024_Warm03_Hyp03_G30_gill_S67_R2_001.fastq.gz: Good
4023e7acba18bb5a63beabf273060daa
2024_Warm03_Hyp03_G30_gut_S68_R1_001.fastq.gz: Good
784c5df0db099ec0e4074b31f467e794
2024_Warm03_Hyp03_G30_gut_S68_R2_001.fastq.gz: Good
2714c79209e0473ee13cd7fe8bbf7d36
2024_Warm03_Null_G21_gill_S257_R1_001.fastq.gz: Good
8a1df803692501915b3536fe061601a9
2024_Warm03_Null_G21_gill_S257_R2_001.fastq.gz: Good
90e1cd5ca9b600359e1d7353b7c5e246
2024_Warm03_Null_G21_gut_S90_R1_001.fastq.gz: Good
65090e3cb3fe725826e6538bd0b6b887
2024_Warm03_Null_G21_gut_S90_R2_001.fastq.gz: Good
0ce7140d1752ad18eded6dd2d50dbbe5
2024_Warm04_Cont05_G55_gill_S254_R1_001.fastq.gz: Good
04ace2545e33860c140e922f574ae8cc
2024_Warm04_Cont05_G55_gill_S254_R2_001.fastq.gz: Good
cd337d5b8276677a0393d898fd4dc357
2024_Warm04_Cont05_G55_gut_S180_R1_001.fastq.gz: Good
34d5ca91539a5931d7b80dc346020ddf
2024_Warm04_Cont05_G55_gut_S180_R2_001.fastq.gz: Good
e2d2aa4741489999f2469927694ef50f
2024_Warm04_Hyp01_G8_gill_S244_R1_001.fastq.gz: Good
0735057c44752d90ff60b2aa7dbdbd4f
2024_Warm04_Hyp01_G8_gill_S244_R2_001.fastq.gz: Good
ab7f67b14f72df351fed2bc5a6ddbb6a
2024_Warm04_Hyp01_G8_gut_S44_R1_001.fastq.gz: Good
22759227f117301cd952013103a3cb86
2024_Warm04_Hyp01_G8_gut_S44_R2_001.fastq.gz: Good
2c393e53c5c160d2221fa78ce1abeaef
2024_Warm04_Null_G27_gill_S192_R1_001.fastq.gz: Good
6a4ad27927bcff523eb5d5812aed213b
2024_Warm04_Null_G27_gill_S192_R2_001.fastq.gz: Good
db4e78a2b55f1002543d6cf1c59a43fa
2024_Warm04_Null_G27_gut_S91_R1_001.fastq.gz: Good
599a5461709d221ce0c0fb9358f74120
2024_Warm04_Null_G27_gut_S91_R2_001.fastq.gz: Good
cad93cc6ce01ae279db05c165ee34b7e
2024_Warm05_Both02_G21_gill_S234_R1_001.fastq.gz: Good
cd3f3b6120c85845c09f9cedc37aa516
2024_Warm05_Both02_G21_gill_S234_R2_001.fastq.gz: Good
da4f463a9c726b6e3534e5142716b90f
2024_Warm05_Both02_G21_gut_S69_R1_001.fastq.gz: Good
b4e199695035504ac0b9c96191ed85aa
2024_Warm05_Both02_G21_gut_S69_R2_001.fastq.gz: Good
e4dd4451251f6096b15a962638a22d23
2024_Warm05_Cont04_G45_gill_S250_R1_001.fastq.gz: Good
86bdb679db083485e63136e68103213e
2024_Warm05_Cont04_G45_gill_S250_R2_001.fastq.gz: Good
bbdedc331f9bed7184d61aa3f1280b6a
2024_Warm05_Cont04_G45_gut_S161_R1_001.fastq.gz: Good
c71d8d6525d68cf62f4d81265e9c2358
2024_Warm05_Cont04_G45_gut_S161_R2_001.fastq.gz: Good
c50e3cfd5b13ddb8972f91727658524b
2024_Warm05_Hyp04_G46_gill_S162_R1_001.fastq.gz: Good
6821941e0a8e369b797c1d14b89318c7
2024_Warm05_Hyp04_G46_gill_S162_R2_001.fastq.gz: Good
2c7d25e4a0fb5ccb93de11d2e9875523
2024_Warm05_Hyp04_G46_gut_S163_R1_001.fastq.gz: Good
374303b6dab9bb60c7acedbfc0401902
2024_Warm05_Hyp04_G46_gut_S163_R2_001.fastq.gz: Good
c328452ec91a438395262baaf2a089b2
2024_Warm05_Warm02_G22_gill_S212_R1_001.fastq.gz: Good
90fed978019e4c132ae06ff136f1473d
2024_Warm05_Warm02_G22_gill_S212_R2_001.fastq.gz: Good
db5373392405ea658aa53795d0adee33
2024_Warm05_Warm02_G22_gut_S24_R1_001.fastq.gz: Good
7de43c33fd699f763182bf8a300c25a6
2024_Warm05_Warm02_G22_gut_S24_R2_001.fastq.gz: Good
6ae3ac23b37efc9f18db723047cfc0f7
2024_Warm06_Both03_G35_gill_S189_R1_001.fastq.gz: Good
14160ec6c3e9a51b9dcd3bc8193bff57
2024_Warm06_Both03_G35_gill_S189_R2_001.fastq.gz: Good
9dfe77af0928cd26ae90cf45695f686c
2024_Warm06_Both03_G35_gut_S149_R1_001.fastq.gz: Good
419fa295ecc557f5299afebd82b24afc
2024_Warm06_Both03_G35_gut_S149_R2_001.fastq.gz: Good
eb2945335fa8cbe8f53f689eed232d1e
2024_Warm06_Both04_G48_gill_S164_R1_001.fastq.gz: Good
023421f0b354c7ca2747496952badc77
2024_Warm06_Both04_G48_gill_S164_R2_001.fastq.gz: Good
2155f04b134fbca5166c85238d954be4
2024_Warm06_Both04_G48_gut_S53_R1_001.fastq.gz: Good
e19a26a471dc614ad837b93ef66e820b
2024_Warm06_Both04_G48_gut_S53_R2_001.fastq.gz: Good
5ab96e0bb895708998bf7a360256820a
2024_Warm06_Hyp06_G71_gill_S208_R1_001.fastq.gz: Good
d6c122de2dc19b7ac5dfae424c436256
2024_Warm06_Hyp06_G71_gill_S208_R2_001.fastq.gz: Good
c5a00639b2e960f3ad6b52293b10c58d
2024_Warm06_Hyp06_G71_gut_S21_R1_001.fastq.gz: Good
2a5d9827976ddafc4f931abd642ceed2
2024_Warm06_Hyp06_G71_gut_S21_R2_001.fastq.gz: Good
8fa78001d238cc353b5ad552b07fee9d
2024_Warm06_Null_G41_gill_S97_R1_001.fastq.gz: Good
2ac16de704b90224e7d56be35c88326c
2024_Warm06_Null_G41_gill_S97_R2_001.fastq.gz: Good
463287a95a9249e64faf337207d7d703
2024_Warm06_Null_G41_gut_S93_R1_001.fastq.gz: Good
99ac9e8e7ad64dc572ac45875109a052
2024_Warm06_Null_G41_gut_S93_R2_001.fastq.gz: Good
fd2ad0e9a8b2fd84ddbec7962642d81c
2024_Warm06_Null_G45_gill_S271_R1_001.fastq.gz: Good
5ac47db35f5d9a6946878f9e6d9773b0
2024_Warm06_Null_G45_gill_S271_R2_001.fastq.gz: Good
ab99223d36cd4344706ab5dd0b55bb79
2024_Warm06_Null_G45_gut_S92_R1_001.fastq.gz: Good
20a5a9859e5610be856fb3f2a01dd9b4
2024_Warm06_Null_G45_gut_S92_R2_001.fastq.gz: Good
cb7686612c8c578bc92703c0ccad81a5
2024_Warm06_Warm03_G36_gill_S95_R1_001.fastq.gz: Good
c09cf3dd13074acb182fb70f24794ecd
2024_Warm06_Warm03_G36_gill_S95_R2_001.fastq.gz: Good
9cb6263a8a9332c632b6964bff3bb7d5
2024_Warm06_Warm03_G36_gut_S25_R1_001.fastq.gz: Good
b9e4abd775c3937a3906036a1dc6b50b
2024_Warm06_Warm03_G36_gut_S25_R2_001.fastq.gz: Good
6cc56f2f5f11de8ab9206453e166736c
2024_Warm06_Warm04_G48_gill_S26_R1_001.fastq.gz: Good
18b72d56e4e7d526623939496d39507b
2024_Warm06_Warm04_G48_gill_S26_R2_001.fastq.gz: Good
85fca77756ea3b5a5431e44a82f88c7e
2024_Warm06_Warm04_G48_gut_S27_R1_001.fastq.gz: Good
95c944c05c83f4d7b12655a7925c84f7
2024_Warm06_Warm04_G48_gut_S27_R2_001.fastq.gz: Good
589b233de9e2de0c18711bd19aba7a2c
negative_control_NA_S267_R1_001.fastq.gz: Good
42085f49b640ac071f558c9850bf16ed
negative_control_NA_S267_R2_001.fastq.gz: Good
21ca43f87abdff96c107fceade04be93
Pooled_negative_rack1_NA_S94_R1_001.fastq.gz: Good
261625696574cbba4c9b21262d899606
Pooled_negative_rack1_NA_S94_R2_001.fastq.gz: Good
59aee6afab5942a840ac628b3096e7f4
Pooled_negative_rack2_NA_S190_R1_001.fastq.gz: Good
2f4662b793f5c665b19ced87b9ce46f2
Pooled_negative_rack2_NA_S190_R2_001.fastq.gz: Good
f67cbbbb8cefaebaadfaed14e4787204
Pooled_negative_rack3_2_NA_S279_R1_001.fastq.gz: Good
f1b78e9e507678d22a0e30af16a85cdf
Pooled_negative_rack3_2_NA_S279_R2_001.fastq.gz: Good
224dce038d2f48b60c09c1af8544168e
Pooled_negative_rack3_3_NA_S281_R1_001.fastq.gz: Good
ed3aeb0305a25a7ab59d0948a700575a
Pooled_negative_rack3_3_NA_S281_R2_001.fastq.gz: Good
007e3fda9b2427eb812beebf49b4963d
Pooled_negative_rack3_NA_S278_R1_001.fastq.gz: Good
29acce9adf9c5b909dd4869849eec924
Pooled_negative_rack3_NA_S278_R2_001.fastq.gz: Good
ac67c18375d4bbe2dda54e6d6be74626
Positive_control_NA_S280_R1_001.fastq.gz: Good
15852a9792d4d6f9fc98288cb4df6615
Positive_control_NA_S280_R2_001.fastq.gz: Good
2fa8438af6192d8f4e794dacd67c472f
Undetermined_S0_R1_001.fastq.gz: Good
95d88779eed2d608ff88903b073ea264
Undetermined_S0_R2_001.fastq.gz: Good
